PATTERN_IS_UNDEFINEDPATTERN_IS_UNDEFINEDPATTERN_IS_UNDEFINEDPATTERN_IS_UNDEFINEDPATTERN_IS_UNDEFINEDPATTERN_IS_UNDEFINEDPATTERN_IS_UNDEFINEDPATTERN_IS_UNDEFINEDPATTERN_IS_UNDEFINEDPATTERN_IS_UNDEFINEDPATTERN_IS_UNDEFINEDPATTERN_IS_UNDEFINEDPATTERN_IS_UNDEFINEDPATTERN_IS_UNDEFINEDPATTERN_IS_UNDEFINEDPATTERN_IS_UNDEFINEDPATTERN_IS_UNDEFINEDPATTERN_IS_UNDEFINEDPATTERN_IS_UNDEFINEDPATTERN_IS_UNDEFINEDPATTERN_IS_UNDEFINEDPATTERN_IS_UNDEFINEDPATTERN_IS_UNDEFINEDPATTERN_IS_UNDEFINEDPATTERN_IS_UNDEFINEDPATTERN_IS_UNDEFINEDPATTERN_IS_UNDEFINEDPATTERN_IS_UNDEFINEDPATTERN_IS_UNDEFINEDPATTERN_IS_UNDEFINEDPATTERN_IS_UNDEFINEDPATTERN_IS_UNDEFINEDPATTERN_IS_UNDEFINEDPATTERN_IS_UNDEFINEDPATTERN_IS_UNDEFINEDPATTERN_IS_UNDEFINEDPATTERN_IS_UNDEFINEDPATTERN_IS_UNDEFINEDPATTERN_IS_UNDEFINEDPATTERN_IS_UNDEFINEDPATTERN_IS_UNDEFINEDPATTERN_IS_UNDEFINEDPATTERN_IS_UNDEFINEDPATTERN_IS_UNDEFINEDPATTERN_IS_UNDEFINEDPATTERN_IS_UNDEFINEDPATTERN_IS_UNDEFINEDPATTERN_IS_UNDEFINEDPATTERN_IS_UNDEFINEDPATTERN_IS_UNDEFINEDPATTERN_IS_UNDEFINEDPATTERN_IS_UNDEFINEDPATTERN_IS_UNDEFINEDPATTERN_IS_UNDEFINEDPATTERN_IS_UNDEFINEDPATTERN_IS_UNDEFINEDPATTERN_IS_UNDEFINEDPATTERN_IS_UNDEFINEDPATTERN_IS_UNDEFINEDPATTERN_IS_UNDEFINEDPATTERN_IS_UNDEFINEDPATTERN_IS_UNDEFINEDPATTERN_IS_UNDEFINEDPATTERN_IS_UNDEFINEDPATTERN_IS_UNDEFINEDPATTERN_IS_UNDEFINEDPATTERN_IS_UNDEFINEDPATTERN_IS_UNDEFINEDPATTERN_IS_UNDEFINEDPATTERN_IS_UNDEFINEDPATTERN_IS_UNDEFINEDPATTERN_IS_UNDEFINEDPATTERN_IS_UNDEFINEDPATTERN_IS_UNDEFINEDPATTERN_IS_UNDEFINEDPATTERN_IS_UNDEFINEDPATTERN_IS_UNDEFINEDPATTERN_IS_UNDEFINEDPATTERN_IS_UNDEFINEDPATTERN_IS_UNDEFINEDPATTERN_IS_UNDEFINEDPATTERN_IS_UNDEFINEDPATTERN_IS_UNDEFINEDPATTERN_IS_UNDEFINEDPATTERN_IS_UNDEFINEDPATTERN_IS_UNDEFINEDPATTERN_IS_UNDEFINEDPATTERN_IS_UNDEFINEDPATTERN_IS_UNDEFINEDPATTERN_IS_UNDEFINEDPATTERN_IS_UNDEFINEDPATTERN_IS_UNDEFINEDPATTERN_IS_UNDEFINEDPATTERN_IS_UNDEFINEDPATTERN_IS_UNDEFINEDPATTERN_IS_UNDEFINEDPATTERN_IS_UNDEFINEDPATTERN_IS_UNDEFINEDPATTERN_IS_UNDEFINEDPATTERN_IS_UNDEFINEDPATTERN_IS_UNDEFINEDPATTERN_IS_UNDEFINEDPATTERN_IS_UNDEFINEDPATTERN_IS_UNDEFINEDPATTERN_IS_UNDEFINEDPATTERN_IS_UNDEFINEDPATTERN_IS_UNDEFINEDPATTERN_IS_UNDEFINEDPATTERN_IS_UNDEFINEDPATTERN_IS_UNDEFINEDPATTERN_IS_UNDEFINEDPATTERN_IS_UNDEFINEDPATTERN_IS_UNDEFINEDPATTERN_IS_UNDEFINEDPATTERN_IS_UNDEFINEDPATTERN_IS_UNDEFINEDPATTERN_IS_UNDEFINEDPATTERN_IS_UNDEFINEDPATTERN_IS_UNDEFINEDPATTERN_IS_UNDEFINEDPATTERN_IS_UNDEFINEDPATTERN_IS_UNDEFINEDPATTERN_IS_UNDEFINEDPATTERN_IS_UNDEFINEDPATTERN_IS_UNDEFINEDPATTERN_IS_UNDEFINEDPATTERN_IS_UNDEFINEDPATTERN_IS_UNDEFINEDPATTERN_IS_UNDEFINEDPATTERN_IS_UNDEFINEDPATTERN_IS_UNDEFINEDPATTERN_IS_UNDEFINEDPATTERN_IS_UNDEFINEDPATTERN_IS_UNDEFINEDPATTERN_IS_UNDEFINEDPATTERN_IS_UNDEFINEDPATTERN_IS_UNDEFINEDPATTERN_IS_UNDEFINEDPATTERN_IS_UNDEFINEDPATTERN_IS_UNDEFINEDPATTERN_IS_UNDEFINEDPATTERN_IS_UNDEFINEDPATTERN_IS_UNDEFINEDPATTERN_IS_UNDEFINEDPATTERN_IS_UNDEFINEDPATTERN_IS_UNDEFINEDPATTERN_IS_UNDEFINEDPATTERN_IS_UNDEFINEDPATTERN_IS_UNDEFINEDPATTERN_IS_UNDEFINEDPATTERN_IS_UNDEFINEDPATTERN_IS_UNDEFINEDPATTERN_IS_UNDEFINEDPATTERN_IS_UNDEFINEDPATTERN_IS_UNDEFINEDPATTERN_IS_UNDEFINEDPATTERN_IS_UNDEFINEDPATTERN_IS_UNDEFINEDPATTERN_IS_UNDEFINEDPATTERN_IS_UNDEFINEDPATTERN_IS_UNDEFINEDPATTERN_IS_UNDEFINEDPATTERN_IS_UNDEFINEDPATTERN_IS_UNDEFINEDPATTERN_IS_UNDEFINEDPATTERN_IS_UNDEFINEDPATTERN_IS_UNDEFINEDPATTERN_IS_UNDEFINEDPATTERN_IS_UNDEFINEDPATTERN_IS_UNDEFINEDPATTERN_IS_UNDEFINEDPATTERN_IS_UNDEFINEDPATTERN_IS_UNDEFINEDPATTERN_IS_UNDEFINEDPATTERN_IS_UNDEFINEDPATTERN_IS_UNDEFINEDPATTERN_IS_UNDEFINEDPATTERN_IS_UNDEFINEDPATTERN_IS_UNDEFINEDPATTERN_IS_UNDEFINEDPATTERN_IS_UNDEFINEDPATTERN_IS_UNDEFINEDPATTERN_IS_UNDEFINEDPATTERN_IS_UNDEFINEDPATTERN_IS_UNDEFINEDPATTERN_IS_UNDEFINEDPATTERN_IS_UNDEFINEDPATTERN_IS_UNDEFINEDPATTERN_IS_UNDEFINEDPATTERN_IS_UNDEFINEDPATTERN_IS_UNDEFINEDPATTERN_IS_UNDEFINEDPATTERN_IS_UNDEFINEDPATTERN_IS_UNDEFINEDPATTERN_IS_UNDEFINEDPATTERN_IS_UNDEFINEDPATTERN_IS_UNDEFINEDPATTERN_IS_UNDEFINEDPATTERN_IS_UNDEFINEDPATTERN_IS_UNDEFINEDPATTERN_IS_UNDEFINEDPATTERN_IS_UNDEFINEDPATTERN_IS_UNDEFINEDPATTERN_IS_UNDEFINEDPATTERN_IS_UNDEFINEDPATTERN_IS_UNDEFINEDPATTERN_IS_UNDEFINEDPATTERN_IS_UNDEFINEDPATTERN_IS_UNDEFINEDPATTERN_IS_UNDEFINEDPATTERN_IS_UNDEFINEDPATTERN_IS_UNDEFINEDPATTERN_IS_UNDEFINEDPATTERN_IS_UNDEFINEDPATTERN_IS_UNDEFINEDPATTERN_IS_UNDEFINEDPATTERN_IS_UNDEFINEDPATTERN_IS_UNDEFINEDPATTERN_IS_UNDEFINEDPATTERN_IS_UNDEFINEDPATTERN_IS_UNDEFINEDPATTERN_IS_UNDEFINEDPATTERN_IS_UNDEFINEDPATTERN_IS_UNDEFINEDPATTERN_IS_UNDEFINEDPATTERN_IS_UNDEFINEDPATTERN_IS_UNDEFINEDPATTERN_IS_UNDEFINEDPATTERN_IS_UNDEFINEDPATTERN_IS_UNDEFINEDPATTERN_IS_UNDEFINEDPATTERN_IS_UNDEFINEDPATTERN_IS_UNDEFINEDPATTERN_IS_UNDEFINEDPATTERN_IS_UNDEFINEDPATTERN_IS_UNDEFINEDPATTERN_IS_UNDEFINEDPATTERN_IS_UNDEFINEDPATTERN_IS_UNDEFINEDPATTERN_IS_UNDEFINEDPATTERN_IS_UNDEFINEDPATTERN_IS_UNDEFINEDPATTERN_IS_UNDEFINEDPATTERN_IS_UNDEFINEDPATTERN_IS_UNDEFINEDPATTERN_IS_UNDEFINEDPATTERN_IS_UNDEFINEDPATTERN_IS_UNDEFINEDPATTERN_IS_UNDEFINEDPATTERN_IS_UNDEFINEDPATTERN_IS_UNDEFINEDPATTERN_IS_UNDEFINEDPATTERN_IS_UNDEFINEDPATTERN_IS_UNDEFINEDPATTERN_IS_UNDEFINEDPATTERN_IS_UNDEFINEDPATTERN_IS_UNDEFINEDPATTERN_IS_UNDEFINEDPATTERN_IS_UNDEFINEDPATTERN_IS_UNDEFINEDPATTERN_IS_UNDEFINEDPATTERN_IS_UNDEFINEDPATTERN_IS_UNDEFINEDPATTERN_IS_UNDEFINEDPATTERN_IS_UNDEFINEDPATTERN_IS_UNDEFINEDPATTERN_IS_UNDEFINEDPATTERN_IS_UNDEFINEDPATTERN_IS_UNDEFINEDPATTERN_IS_UNDEFINEDPATTERN_IS_UNDEFINEDPATTERN_IS_UNDEFINEDPATTERN_IS_UNDEFINEDPATTERN_IS_UNDEFINEDPATTERN_IS_UNDEFINEDPATTERN_IS_UNDEFINEDPATTERN_IS_UNDEFINEDPATTERN_IS_UNDEFINEDPATTERN_IS_UNDEFINEDPATTERN_IS_UNDEFINEDPATTERN_IS_UNDEFINEDPATTERN_IS_UNDEFINEDPATTERN_IS_UNDEFINEDPATTERN_IS_UNDEFINEDPATTERN_IS_UNDEFINEDPATTERN_IS_UNDEFINEDPATTERN_IS_UNDEFINEDPATTERN_IS_UNDEFINEDPATTERN_IS_UNDEFINEDPATTERN_IS_UNDEFINEDPATTERN_IS_UNDEFINEDPATTERN_IS_UNDEFINEDPATTERN_IS_UNDEFINEDPATTERN_IS_UNDEFINEDPATTERN_IS_UNDEFINEDPATTERN_IS_UNDEFINEDPATTERN_IS_UNDEFINEDPATTERN_IS_UNDEFINEDPATTERN_IS_UNDEFINEDPATTERN_IS_UNDEFINEDPATTERN_IS_UNDEFINEDPATTERN_IS_UNDEFINEDPATTERN_IS_UNDEFINEDPATTERN_IS_UNDEFINEDPATTERN_IS_UNDEFINEDPATTERN_IS_UNDEFINEDPATTERN_IS_UNDEFINEDPATTERN_IS_UNDEFINEDPATTERN_IS_UNDEFINEDPATTERN_IS_UNDEFINEDPATTERN_IS_UNDEFINEDPATTERN_IS_UNDEFINEDPATTERN_IS_UNDEFINEDPATTERN_IS_UNDEFINEDPATTERN_IS_UNDEFINEDPATTERN_IS_UNDEFINEDPATTERN_IS_UNDEFINEDPATTERN_IS_UNDEFINEDPATTERN_IS_UNDEFINEDPATTERN_IS_UNDEFINEDPATTERN_IS_UNDEFINEDPATTERN_IS_UNDEFINEDPATTERN_IS_UNDEFINEDPATTERN_IS_UNDEFINEDPATTERN_IS_UNDEFINEDPATTERN_IS_UNDEFINEDPATTERN_IS_UNDEFINEDPATTERN_IS_UNDEFINEDPATTERN_IS_UNDEFINEDPATTERN_IS_UNDEFINEDPATTERN_IS_UNDEFINEDPATTERN_IS_UNDEFINEDPATTERN_IS_UNDEFINEDPATTERN_IS_UNDEFINEDPATTERN_IS_UNDEFINEDPATTERN_IS_UNDEFINEDPATTERN_IS_UNDEFINEDPATTERN_IS_UNDEFINEDPATTERN_IS_UNDEFINEDPATTERN_IS_UNDEFINEDPATTERN_IS_UNDEFINEDPATTERN_IS_UNDEFINEDPATTERN_IS_UNDEFINEDPATTERN_IS_UNDEFINEDPATTERN_IS_UNDEFINEDPATTERN_IS_UNDEFINEDPATTERN_IS_UNDEFINEDPATTERN_IS_UNDEFINEDPATTERN_IS_UNDEFINEDPATTERN_IS_UNDEFINEDPATTERN_IS_UNDEFINEDPATTERN_IS_UNDEFINEDPATTERN_IS_UNDEFINEDPATTERN_IS_UNDEFINEDPATTERN_IS_UNDEFINEDPATTERN_IS_UNDEFINEDPATTERN_IS_UNDEFINEDPATTERN_IS_UNDEFINEDPATTERN_IS_UNDEFINEDPATTERN_IS_UNDEFINEDPATTERN_IS_UNDEFINEDPATTERN_IS_UNDEFINEDPATTERN_IS_UNDEFINEDPATTERN_IS_UNDEFINEDPATTERN_IS_UNDEFINEDPATTERN_IS_UNDEFINEDPATTERN_IS_UNDEFINEDPATTERN_IS_UNDEFINEDPATTERN_IS_UNDEFINEDPATTERN_IS_UNDEFINEDPATTERN_IS_UNDEFINEDPATTERN_IS_UNDEFINEDPATTERN_IS_UNDEFINEDPATTERN_IS_UNDEFINEDPATTERN_IS_UNDEFINEDPATTERN_IS_UNDEFINEDPATTERN_IS_UNDEFINEDPATTERN_IS_UNDEFINEDPATTERN_IS_UNDEFINEDPATTERN_IS_UNDEFINEDPATTERN_IS_UNDEFINEDPATTERN_IS_UNDEFINEDPATTERN_IS_UNDEFINEDPATTERN_IS_UNDEFINEDPATTERN_IS_UNDEFINEDPATTERN_IS_UNDEFINEDPATTERN_IS_UNDEFINEDPATTERN_IS_UNDEFINEDPATTERN_IS_UNDEFINEDPATTERN_IS_UNDEFINEDPATTERN_IS_UNDEFINEDPATTERN_IS_UNDEFINEDPATTERN_IS_UNDEFINEDPATTERN_IS_UNDEFINEDPATTERN_IS_UNDEFINEDPATTERN_IS_UNDEFINEDPATTERN_IS_UNDEFINEDPATTERN_IS_UNDEFINEDPATTERN_IS_UNDEFINEDPATTERN_IS_UNDEFINEDPATTERN_IS_UNDEFINEDPATTERN_IS_UNDEFINEDPATTERN_IS_UNDEFINEDPATTERN_IS_UNDEFINEDPATTERN_IS_UNDEFINEDPATTERN_IS_UNDEFINEDPATTERN_IS_UNDEFINEDPATTERN_IS_UNDEFINEDPATTERN_IS_UNDEFINEDPATTERN_IS_UNDEFINEDPATTERN_IS_UNDEFINEDPATTERN_IS_UNDEFINEDPATTERN_IS_UNDEFINEDPATTERN_IS_UNDEFINEDPATTERN_IS_UNDEFINEDPATTERN_IS_UNDEFINEDPATTERN_IS_UNDEFINEDPATTERN_IS_UNDEFINEDPATTERN_IS_UNDEFINEDPATTERN_IS_UNDEFINEDPATTERN_IS_UNDEFINEDPATTERN_IS_UNDEFINEDPATTERN_IS_UNDEFINEDPATTERN_IS_UNDEFINEDPATTERN_IS_UNDEFINEDPATTERN_IS_UNDEFINEDPATTERN_IS_UNDEFINEDPATTERN_IS_UNDEFINEDPATTERN_IS_UNDEFINEDPATTERN_IS_UNDEFINEDPATTERN_IS_UNDEFINEDPATTERN_IS_UNDEFINEDPATTERN_IS_UNDEFINEDPATTERN_IS_UNDEFINEDPATTERN_IS_UNDEFINEDPATTERN_IS_UNDEFINEDPATTERN_IS_UNDEFINEDPATTERN_IS_UNDEFINEDPATTERN_IS_UNDEFINEDPATTERN_IS_UNDEFINEDPATTERN_IS_UNDEFINEDPATTERN_IS_UNDEFINEDPATTERN_IS_UNDEFINEDPATTERN_IS_UNDEFINEDPATTERN_IS_UNDEFINEDPATTERN_IS_UNDEFINEDPATTERN_IS_UNDEFINEDPATTERN_IS_UNDEFINEDPATTERN_IS_UNDEFINEDPATTERN_IS_UNDEFINEDPATTERN_IS_UNDEFINEDPATTERN_IS_UNDEFINEDPATTERN_IS_UNDEFINEDPATTERN_IS_UNDEFINEDPATTERN_IS_UNDEFINEDPATTERN_IS_UNDEFINEDPATTERN_IS_UNDEFINEDPATTERN_IS_UNDEFINEDPATTERN_IS_UNDEFINEDPATTERN_IS_UNDEFINEDPATTERN_IS_UNDEFINEDPATTERN_IS_UNDEFINEDPATTERN_IS_UNDEFINEDPATTERN_IS_UNDEFINEDPATTERN_IS_UNDEFINEDPATTERN_IS_UNDEFINEDPATTERN_IS_UNDEFINEDPATTERN_IS_UNDEFINEDPATTERN_IS_UNDEFINEDPATTERN_IS_UNDEFINEDPATTERN_IS_UNDEFINEDPATTERN_IS_UNDEFINEDPATTERN_IS_UNDEFINEDPATTERN_IS_UNDEFINEDPATTERN_IS_UNDEFINEDPATTERN_IS_UNDEFINEDPATTERN_IS_UNDEFINEDPATTERN_IS_UNDEFINEDPATTERN_IS_UNDEFINEDPATTERN_IS_UNDEFINEDPATTERN_IS_UNDEFINEDPATTERN_IS_UNDEFINEDPATTERN_IS_UNDEFINEDPATTERN_IS_UNDEFINEDPATTERN_IS_UNDEFINEDPATTERN_IS_UNDEFINEDPATTERN_IS_UNDEFINEDPATTERN_IS_UNDEFINEDPATTERN_IS_UNDEFINEDPATTERN_IS_UNDEFINEDPATTERN_IS_UNDEFINEDPATTERN_IS_UNDEFINEDPATTERN_IS_UNDEFINEDPATTERN_IS_UNDEFINEDPATTERN_IS_UNDEFINEDPATTERN_IS_UNDEFINEDPATTERN_IS_UNDEFINEDPATTERN_IS_UNDEFINEDPATTERN_IS_UNDEFINEDPATTERN_IS_UNDEFINEDPATTERN_IS_UNDEFINEDPATTERN_IS_UNDEFINEDPATTERN_IS_UNDEFINEDPATTERN_IS_UNDEFINEDPATTERN_IS_UNDEFINEDPATTERN_IS_UNDEFINEDPATTERN_IS_UNDEFINEDPATTERN_IS_UNDEFINEDPATTERN_IS_UNDEFINEDPATTERN_IS_UNDEFINEDPATTERN_IS_UNDEFINEDPATTERN_IS_UNDEFINEDPATTERN_IS_UNDEFINEDPATTERN_IS_UNDEFINEDPATTERN_IS_UNDEFINEDPATTERN_IS_UNDEFINEDPATTERN_IS_UNDEFINEDPATTERN_IS_UNDEFINEDPATTERN_IS_UNDEFINEDPATTERN_IS_UNDEFINEDPATTERN_IS_UNDEFINEDPATTERN_IS_UNDEFINEDPATTERN_IS_UNDEFINEDPATTERN_IS_UNDEFINEDPATTERN_IS_UNDEFINEDPATTERN_IS_UNDEFINEDPATTERN_IS_UNDEFINEDPATTERN_IS_UNDEFINEDPATTERN_IS_UNDEFINEDPATTERN_IS_UNDEFINEDPATTERN_IS_UNDEFINEDPATTERN_IS_UNDEFINEDPATTERN_IS_UNDEFINEDPATTERN_IS_UNDEFINEDPATTERN_IS_UNDEFINEDPATTERN_IS_UNDEFINEDPATTERN_IS_UNDEFINEDPATTERN_IS_UNDEFINEDPATTERN_IS_UNDEFINEDPATTERN_IS_UNDEFINEDPATTERN_IS_UNDEFINEDPATTERN_IS_UNDEFINEDPATTERN_IS_UNDEFINEDPATTERN_IS_UNDEFINEDPATTERN_IS_UNDEFINEDPATTERN_IS_UNDEFINEDPATTERN_IS_UNDEFINEDPATTERN_IS_UNDEFINEDPATTERN_IS_UNDEFINEDPATTERN_IS_UNDEFINEDPATTERN_IS_UNDEFINEDPATTERN_IS_UNDEFINEDPATTERN_IS_UNDEFINEDPATTERN_IS_UNDEFINEDPATTERN_IS_UNDEFINEDPATTERN_IS_UNDEFINEDPATTERN_IS_UNDEFINEDPATTERN_IS_UNDEFINEDPATTERN_IS_UNDEFINEDPATTERN_IS_UNDEFINEDPATTERN_IS_UNDEFINEDPATTERN_IS_UNDEFINEDPATTERN_IS_UNDEFINEDPATTERN_IS_UNDEFINEDPATTERN_IS_UNDEFINEDPATTERN_IS_UNDEFINEDPATTERN_IS_UNDEFINEDPATTERN_IS_UNDEFINEDPATTERN_IS_UNDEFINEDPATTERN_IS_UNDEFINEDPATTERN_IS_UNDEFINEDPATTERN_IS_UNDEFINEDPATTERN_IS_UNDEFINEDPATTERN_IS_UNDEFINEDPATTERN_IS_UNDEFINEDPATTERN_IS_UNDEFINEDPATTERN_IS_UNDEFINEDPATTERN_IS_UNDEFINEDPATTERN_IS_UNDEFINEDPATTERN_IS_UNDEFINEDPATTERN_IS_UNDEFINEDPATTERN_IS_UNDEFINEDPATTERN_IS_UNDEFINEDPATTERN_IS_UNDEFINEDPATTERN_IS_UNDEFINEDPATTERN_IS_UNDEFINEDPATTERN_IS_UNDEFINEDPATTERN_IS_UNDEFINEDPATTERN_IS_UNDEFINEDPATTERN_IS_UNDEFINEDPATTERN_IS_UNDEFINEDPATTERN_IS_UNDEFINEDPATTERN_IS_UNDEFINEDPATTERN_IS_UNDEFINEDPATTERN_IS_UNDEFINEDPATTERN_IS_UNDEFINEDPATTERN_IS_UNDEFINEDPATTERN_IS_UNDEFINEDPATTERN_IS_UNDEFINEDPATTERN_IS_UNDEFINEDPATTERN_IS_UNDEFINEDPATTERN_IS_UNDEFINEDPATTERN_IS_UNDEFINEDPATTERN_IS_UNDEFINEDPATTERN_IS_UNDEFINEDPATTERN_IS_UNDEFINEDPATTERN_IS_UNDEFINEDPATTERN_IS_UNDEFINEDPATTERN_IS_UNDEFINEDPATTERN_IS_UNDEFINEDPATTERN_IS_UNDEFINEDPATTERN_IS_UNDEFINEDPATTERN_IS_UNDEFINEDPATTERN_IS_UNDEFINEDPATTERN_IS_UNDEFINEDPATTERN_IS_UNDEFINEDPATTERN_IS_UNDEFINEDPATTERN_IS_UNDEFINEDPATTERN_IS_UNDEFINEDPATTERN_IS_UNDEFINEDPATTERN_IS_UNDEFINEDPATTERN_IS_UNDEFINEDPATTERN_IS_UNDEFINEDPATTERN_IS_UNDEFINEDPATTERN_IS_UNDEFINEDPATTERN_IS_UNDEFINEDPATTERN_IS_UNDEFINEDPATTERN_IS_UNDEFINEDPATTERN_IS_UNDEFINEDPATTERN_IS_UNDEFINEDPATTERN_IS_UNDEFINEDPATTERN_IS_UNDEFINEDPATTERN_IS_UNDEFINEDPATTERN_IS_UNDEFINEDPATTERN_IS_UNDEFINEDPATTERN_IS_UNDEFINEDPATTERN_IS_UNDEFINEDPATTERN_IS_UNDEFINEDPATTERN_IS_UNDEFINEDPATTERN_IS_UNDEFINEDPATTERN_IS_UNDEFINEDPATTERN_IS_UNDEFINEDPATTERN_IS_UNDEFINEDPATTERN_IS_UNDEFINEDPATTERN_IS_UNDEFINEDPATTERN_IS_UNDEFINEDPATTERN_IS_UNDEFINEDPATTERN_IS_UNDEFINEDPATTERN_IS_UNDEFINEDPATTERN_IS_UNDEFINEDPATTERN_IS_UNDEFINEDPATTERN_IS_UNDEFINEDPATTERN_IS_UNDEFINEDPATTERN_IS_UNDEFINEDPATTERN_IS_UNDEFINEDPATTERN_IS_UNDEFINEDPATTERN_IS_UNDEFINEDPATTERN_IS_UNDEFINEDPATTERN_IS_UNDEFINEDPATTERN_IS_UNDEFINEDPATTERN_IS_UNDEFINEDPATTERN_IS_UNDEFINEDPATTERN_IS_UNDEFINEDPATTERN_IS_UNDEFINEDPATTERN_IS_UNDEFINEDPATTERN_IS_UNDEFINEDPATTERN_IS_UNDEFINEDPATTERN_IS_UNDEFINEDPATTERN_IS_UNDEFINEDPATTERN_IS_UNDEFINEDPATTERN_IS_UNDEFINEDPATTERN_IS_UNDEFINEDPATTERN_IS_UNDEFINEDPATTERN_IS_UNDEFINEDPATTERN_IS_UNDEFINEDPATTERN_IS_UNDEFINEDPATTERN_IS_UNDEFINEDPATTERN_IS_UNDEFINEDPATTERN_IS_UNDEFINEDPATTERN_IS_UNDEFINEDPATTERN_IS_UNDEFINEDPATTERN_IS_UNDEFINEDPATTERN_IS_UNDEFINEDPATTERN_IS_UNDEFINEDPATTERN_IS_UNDEFINEDPATTERN_IS_UNDEFINEDPATTERN_IS_UNDEFINEDPATTERN_IS_UNDEFINEDPATTERN_IS_UNDEFINEDPATTERN_IS_UNDEFINEDPATTERN_IS_UNDEFINEDPATTERN_IS_UNDEFINEDPATTERN_IS_UNDEFINEDPATTERN_IS_UNDEFINEDPATTERN_IS_UNDEFINEDPATTERN_IS_UNDEFINEDPATTERN_IS_UNDEFINEDPATTERN_IS_UNDEFINEDPATTERN_IS_UNDEFINEDPATTERN_IS_UNDEFINEDPATTERN_IS_UNDEFINEDPATTERN_IS_UNDEFINEDPATTERN_IS_UNDEFINEDPATTERN_IS_UNDEFINEDPATTERN_IS_UNDEFINEDPATTERN_IS_UNDEFINEDPATTERN_IS_UNDEFINEDPATTERN_IS_UNDEFINEDPATTERN_IS_UNDEFINEDPATTERN_IS_UNDEFINEDPATTERN_IS_UNDEFINEDPATTERN_IS_UNDEFINEDPATTERN_IS_UNDEFINEDPATTERN_IS_UNDEFINEDPATTERN_IS_UNDEFINEDPATTERN_IS_UNDEFINEDPATTERN_IS_UNDEFINEDPATTERN_IS_UNDEFINEDPATTERN_IS_UNDEFINEDPATTERN_IS_UNDEFINEDPATTERN_IS_UNDEFINEDPATTERN_IS_UNDEFINEDPATTERN_IS_UNDEFINEDPATTERN_IS_UNDEFINEDPATTERN_IS_UNDEFINEDPATTERN_IS_UNDEFINEDPATTERN_IS_UNDEFINEDPATTERN_IS_UNDEFINEDPATTERN_IS_UNDEFINEDPATTERN_IS_UNDEFINEDPATTERN_IS_UNDEFINEDPATTERN_IS_UNDEFINEDPATTERN_IS_UNDEFINEDPATTERN_IS_UNDEFINEDPATTERN_IS_UNDEFINEDPATTERN_IS_UNDEFINEDPATTERN_IS_UNDEFINEDPATTERN_IS_UNDEFINEDPATTERN_IS_UNDEFINEDPATTERN_IS_UNDEFINEDPATTERN_IS_UNDEFINEDPATTERN_IS_UNDEFINEDPATTERN_IS_UNDEFINEDPATTERN_IS_UNDEFINEDPATTERN_IS_UNDEFINEDPATTERN_IS_UNDEFINEDPATTERN_IS_UNDEFINEDPATTERN_IS_UNDEFINEDPATTERN_IS_UNDEFINEDPATTERN_IS_UNDEFINEDPATTERN_IS_UNDEFINEDPATTERN_IS_UNDEFINEDPATTERN_IS_UNDEFINEDPATTERN_IS_UNDEFINEDPATTERN_IS_UNDEFINEDPATTERN_IS_UNDEFINEDPATTERN_IS_UNDEFINEDPATTERN_IS_UNDEFINEDPATTERN_IS_UNDEFINEDPATTERN_IS_UNDEFINEDPATTERN_IS_UNDEFINEDPATTERN_IS_UNDEFINEDPATTERN_IS_UNDEFINEDPATTERN_IS_UNDEFINEDPATTERN_IS_UNDEFINEDPATTERN_IS_UNDEFINEDPATTERN_IS_UNDEFINEDPATTERN_IS_UNDEFINEDPATTERN_IS_UNDEFINEDPATTERN_IS_UNDEFINEDPATTERN_IS_UNDEFINEDPATTERN_IS_UNDEFINEDPATTERN_IS_UNDEFINEDPATTERN_IS_UNDEFINEDPATTERN_IS_UNDEFINEDPATTERN_IS_UNDEFINEDPATTERN_IS_UNDEFINEDPATTERN_IS_UNDEFINEDPATTERN_IS_UNDEFINEDPATTERN_IS_UNDEFINEDPATTERN_IS_UNDEFINEDPATTERN_IS_UNDEFINEDPATTERN_IS_UNDEFINEDPATTERN_IS_UNDEFINEDPATTERN_IS_UNDEFINEDPATTERN_IS_UNDEFINEDPATTERN_IS_UNDEFINEDPATTERN_IS_UNDEFINEDPATTERN_IS_UNDEFINEDPATTERN_IS_UNDEFINEDPATTERN_IS_UNDEFINEDPATTERN_IS_UNDEFINEDPATTERN_IS_UNDEFINEDPATTERN_IS_UNDEFINEDPATTERN_IS_UNDEFINEDPATTERN_IS_UNDEFINEDPATTERN_IS_UNDEFINEDPATTERN_IS_UNDEFINEDPATTERN_IS_UNDEFINEDPATTERN_IS_UNDEFINEDPATTERN_IS_UNDEFINEDPATTERN_IS_UNDEFINEDPATTERN_IS_UNDEFINEDPATTERN_IS_UNDEFINEDPATTERN_IS_UNDEFINEDPATTERN_IS_UNDEFINEDPATTERN_IS_UNDEFINEDPATTERN_IS_UNDEFINEDPATTERN_IS_UNDEFINEDPATTERN_IS_UNDEFINEDPATTERN_IS_UNDEFINEDPATTERN_IS_UNDEFINEDPATTERN_IS_UNDEFINEDPATTERN_IS_UNDEFINEDPATTERN_IS_UNDEFINEDPATTERN_IS_UNDEFINEDPATTERN_IS_UNDEFINEDPATTERN_IS_UNDEFINEDPATTERN_IS_UNDEFINEDPATTERN_IS_UNDEFINEDPATTERN_IS_UNDEFINEDPATTERN_IS_UNDEFINEDPATTERN_IS_UNDEFINEDPATTERN_IS_UNDEFINEDPATTERN_IS_UNDEFINEDPATTERN_IS_UNDEFINEDPATTERN_IS_UNDEFINEDPATTERN_IS_UNDEFINEDPATTERN_IS_UNDEFINEDPATTERN_IS_UNDEFINEDPATTERN_IS_UNDEFINEDPATTERN_IS_UNDEFINEDPATTERN_IS_UNDEFINEDPATTERN_IS_UNDEFINEDPATTERN_IS_UNDEFINEDPATTERN_IS_UNDEFINEDPATTERN_IS_UNDEFINEDPATTERN_IS_UNDEFINEDPATTERN_IS_UNDEFINEDPATTERN_IS_UNDEFINEDPATTERN_IS_UNDEFINEDPATTERN_IS_UNDEFINEDPATTERN_IS_UNDEFINEDPATTERN_IS_UNDEFINEDPATTERN_IS_UNDEFINEDPATTERN_IS_UNDEFINEDPATTERN_IS_UNDEFINEDPATTERN_IS_UNDEFINEDPATTERN_IS_UNDEFINEDPATTERN_IS_UNDEFINEDPATTERN_IS_UNDEFINEDPATTERN_IS_UNDEFINEDPATTERN_IS_UNDEFINEDPATTERN_IS_UNDEFINEDPATTERN_IS_UNDEFINEDPATTERN_IS_UNDEFINEDPATTERN_IS_UNDEFINEDPATTERN_IS_UNDEFINEDPATTERN_IS_UNDEFINEDPATTERN_IS_UNDEFINEDPATTERN_IS_UNDEFINEDPATTERN_IS_UNDEFINEDPATTERN_IS_UNDEFINEDPATTERN_IS_UNDEFINEDPATTERN_IS_UNDEFINEDPATTERN_IS_UNDEFINEDPATTERN_IS_UNDEFINEDPATTERN_IS_UNDEFINEDPATTERN_IS_UNDEFINEDPATTERN_IS_UNDEFINEDPATTERN_IS_UNDEFINEDPATTERN_IS_UNDEFINEDPATTERN_IS_UNDEFINEDPATTERN_IS_UNDEFINEDPATTERN_IS_UNDEFINEDPATTERN_IS_UNDEFINEDPATTERN_IS_UNDEFINEDPATTERN_IS_UNDEFINEDPATTERN_IS_UNDEFINEDPATTERN_IS_UNDEFINEDPATTERN_IS_UNDEFINEDPATTERN_IS_UNDEFINEDPATTERN_IS_UNDEFINEDPATTERN_IS_UNDEFINEDPATTERN_IS_UNDEFINEDPATTERN_IS_UNDEFINEDPATTERN_IS_UNDEFINEDPATTERN_IS_UNDEFINEDPATTERN_IS_UNDEFINEDPATTERN_IS_UNDEFINEDPATTERN_IS_UNDEFINEDPATTERN_IS_UNDEFINEDPATTERN_IS_UNDEFINEDPATTERN_IS_UNDEFINEDPATTERN_IS_UNDEFINEDPATTERN_IS_UNDEFINEDPATTERN_IS_UNDEFINEDPATTERN_IS_UNDEFINEDPATTERN_IS_UNDEFINEDPATTERN_IS_UNDEFINEDPATTERN_IS_UNDEFINEDPATTERN_IS_UNDEFINEDPATTERN_IS_UNDEFINEDPATTERN_IS_UNDEFINEDPATTERN_IS_UNDEFINEDPATTERN_IS_UNDEFINEDPATTERN_IS_UNDEFINEDPATTERN_IS_UNDEFINEDPATTERN_IS_UNDEFINEDPATTERN_IS_UNDEFINEDPATTERN_IS_UNDEFINEDPATTERN_IS_UNDEFINEDPATTERN_IS_UNDEFINEDPATTERN_IS_UNDEFINEDPATTERN_IS_UNDEFINEDPATTERN_IS_UNDEFINEDPATTERN_IS_UNDEFINEDPATTERN_IS_UNDEFINEDPATTERN_IS_UNDEFINEDPATTERN_IS_UNDEFINEDPATTERN_IS_UNDEFINEDPATTERN_IS_UNDEFINEDPATTERN_IS_UNDEFINEDPATTERN_IS_UNDEFINEDPATTERN_IS_UNDEFINEDPATTERN_IS_UNDEFINEDPATTERN_IS_UNDEFINEDPATTERN_IS_UNDEFINEDPATTERN_IS_UNDEFINEDPATTERN_IS_UNDEFINEDPATTERN_IS_UNDEFINEDPATTERN_IS_UNDEFINEDPATTERN_IS_UNDEFINEDPATTERN_IS_UNDEFINEDPATTERN_IS_UNDEFINEDPATTERN_IS_UNDEFINEDPATTERN_IS_UNDEFINEDPATTERN_IS_UNDEFINEDPATTERN_IS_UNDEFINEDPATTERN_IS_UNDEFINEDPATTERN_IS_UNDEFINEDPATTERN_IS_UNDEFINEDPATTERN_IS_UNDEFINEDPATTERN_IS_UNDEFINEDPATTERN_IS_UNDEFINEDPATTERN_IS_UNDEFINEDPATTERN_IS_UNDEFINEDPATTERN_IS_UNDEFINEDPATTERN_IS_UNDEFINEDPATTERN_IS_UNDEFINEDPATTERN_IS_UNDEFINEDPATTERN_IS_UNDEFINEDPATTERN_IS_UNDEFINEDPATTERN_IS_UNDEFINEDPATTERN_IS_UNDEFINEDPATTERN_IS_UNDEFINEDPATTERN_IS_UNDEFINEDPATTERN_IS_UNDEFINEDPATTERN_IS_UNDEFINEDPATTERN_IS_UNDEFINEDPATTERN_IS_UNDEFINEDPATTERN_IS_UNDEFINEDPATTERN_IS_UNDEFINEDPATTERN_IS_UNDEFINEDPATTERN_IS_UNDEFINEDPATTERN_IS_UNDEFINEDPATTERN_IS_UNDEFINEDPATTERN_IS_UNDEFINEDPATTERN_IS_UNDEFINEDPATTERN_IS_UNDEFINEDPATTERN_IS_UNDEFINEDPATTERN_IS_UNDEFINEDPATTERN_IS_UNDEFINEDPATTERN_IS_UNDEFINEDPATTERN_IS_UNDEFINEDPATTERN_IS_UNDEFINEDPATTERN_IS_UNDEFINEDPATTERN_IS_UNDEFINEDPATTERN_IS_UNDEFINEDPATTERN_IS_UNDEFINEDPATTERN_IS_UNDEFINEDPATTERN_IS_UNDEFINEDPATTERN_IS_UNDEFINEDPATTERN_IS_UNDEFINEDPATTERN_IS_UNDEFINEDPATTERN_IS_UNDEFINEDPATTERN_IS_UNDEFINEDPATTERN_IS_UNDEFINEDPATTERN_IS_UNDEFINEDPATTERN_IS_UNDEFINEDPATTERN_IS_UNDEFINEDPATTERN_IS_UNDEFINEDPATTERN_IS_UNDEFINEDPATTERN_IS_UNDEFINEDPATTERN_IS_UNDEFINEDPATTERN_IS_UNDEFINEDPATTERN_IS_UNDEFINEDPATTERN_IS_UNDEFINEDPATTERN_IS_UNDEFINEDPATTERN_IS_UNDEFINEDPATTERN_IS_UNDEFINEDPATTERN_IS_UNDEFINEDPATTERN_IS_UNDEFINEDPATTERN_IS_UNDEFINEDPATTERN_IS_UNDEFINEDPATTERN_IS_UNDEFINEDPATTERN_IS_UNDEFINEDPATTERN_IS_UNDEFINEDPATTERN_IS_UNDEFINEDPATTERN_IS_UNDEFINEDPATTERN_IS_UNDEFINEDPATTERN_IS_UNDEFINEDPATTERN_IS_UNDEFINEDPATTERN_IS_UNDEFINEDPATTERN_IS_UNDEFINEDPATTERN_IS_UNDEFINEDPATTERN_IS_UNDEFINEDPATTERN_IS_UNDEFINEDPATTERN_IS_UNDEFINEDPATTERN_IS_UNDEFINEDPATTERN_IS_UNDEFINEDPATTERN_IS_UNDEFINEDPATTERN_IS_UNDEFINEDPATTERN_IS_UNDEFINEDPATTERN_IS_UNDEFINEDPATTERN_IS_UNDEFINEDPATTERN_IS_UNDEFINEDPATTERN_IS_UNDEFINEDPATTERN_IS_UNDEFINEDPATTERN_IS_UNDEFINEDPATTERN_IS_UNDEFINEDPATTERN_IS_UNDEFINEDPATTERN_IS_UNDEFINEDPATTERN_IS_UNDEFINEDPATTERN_IS_UNDEFINEDPATTERN_IS_UNDEFINEDPATTERN_IS_UNDEFINEDPATTERN_IS_UNDEFINEDPATTERN_IS_UNDEFINEDPATTERN_IS_UNDEFINEDPATTERN_IS_UNDEFINEDPATTERN_IS_UNDEFINEDPATTERN_IS_UNDEFINEDPATTERN_IS_UNDEFINEDPATTERN_IS_UNDEFINEDPATTERN_IS_UNDEFINEDPATTERN_IS_UNDEFINEDPATTERN_IS_UNDEFINEDPATTERN_IS_UNDEFINEDPATTERN_IS_UNDEFINEDPATTERN_IS_UNDEFINEDPATTERN_IS_UNDEFINEDPATTERN_IS_UNDEFINEDPATTERN_IS_UNDEFINEDPATTERN_IS_UNDEFINEDPATTERN_IS_UNDEFINEDPATTERN_IS_UNDEFINEDPATTERN_IS_UNDEFINEDPATTERN_IS_UNDEFINEDPATTERN_IS_UNDEFINEDPATTERN_IS_UNDEFINEDPATTERN_IS_UNDEFINEDPATTERN_IS_UNDEFINEDPATTERN_IS_UNDEFINEDPATTERN_IS_UNDEFINEDPATTERN_IS_UNDEFINEDPATTERN_IS_UNDEFINEDPATTERN_IS_UNDEFINEDPATTERN_IS_UNDEFINEDPATTERN_IS_UNDEFINEDPATTERN_IS_UNDEFINEDPATTERN_IS_UNDEFINEDPATTERN_IS_UNDEFINEDPATTERN_IS_UNDEFINEDPATTERN_IS_UNDEFINEDPATTERN_IS_UNDEFINEDPATTERN_IS_UNDEFINEDPATTERN_IS_UNDEFINEDPATTERN_IS_UNDEFINEDPATTERN_IS_UNDEFINEDPATTERN_IS_UNDEFINEDPATTERN_IS_UNDEFINEDPATTERN_IS_UNDEFINEDPATTERN_IS_UNDEFINEDPATTERN_IS_UNDEFINEDPATTERN_IS_UNDEFINEDPATTERN_IS_UNDEFINEDPATTERN_IS_UNDEFINEDPATTERN_IS_UNDEFINEDPATTERN_IS_UNDEFINEDPATTERN_IS_UNDEFINEDPATTERN_IS_UNDEFINEDPATTERN_IS_UNDEFINEDPATTERN_IS_UNDEFINEDPATTERN_IS_UNDEFINEDPATTERN_IS_UNDEFINEDPATTERN_IS_UNDEFINEDPATTERN_IS_UNDEFINEDPATTERN_IS_UNDEFINEDPATTERN_IS_UNDEFINEDPATTERN_IS_UNDEFINEDPATTERN_IS_UNDEFINEDPATTERN_IS_UNDEFINEDPATTERN_IS_UNDEFINEDPATTERN_IS_UNDEFINEDPATTERN_IS_UNDEFINEDPATTERN_IS_UNDEFINEDPATTERN_IS_UNDEFINEDPATTERN_IS_UNDEFINEDPATTERN_IS_UNDEFINEDPATTERN_IS_UNDEFINEDPATTERN_IS_UNDEFINEDPATTERN_IS_UNDEFINEDPATTERN_IS_UNDEFINEDPATTERN_IS_UNDEFINEDPATTERN_IS_UNDEFINEDPATTERN_IS_UNDEFINEDPATTERN_IS_UNDEFINEDPATTERN_IS_UNDEFINEDPATTERN_IS_UNDEFINEDPATTERN_IS_UNDEFINEDPATTERN_IS_UNDEFINEDPATTERN_IS_UNDEFINEDPATTERN_IS_UNDEFINEDPATTERN_IS_UNDEFINEDPATTERN_IS_UNDEFINEDPATTERN_IS_UNDEFINEDPATTERN_IS_UNDEFINEDPATTERN_IS_UNDEFINEDPATTERN_IS_UNDEFINEDPATTERN_IS_UNDEFINEDPATTERN_IS_UNDEFINEDPATTERN_IS_UNDEFINEDPATTERN_IS_UNDEFINEDPATTERN_IS_UNDEFINEDPATTERN_IS_UNDEFINEDPATTERN_IS_UNDEFINEDPATTERN_IS_UNDEFINEDPATTERN_IS_UNDEFINEDPATTERN_IS_UNDEFINEDPATTERN_IS_UNDEFINEDPATTERN_IS_UNDEFINEDPATTERN_IS_UNDEFINEDPATTERN_IS_UNDEFINEDPATTERN_IS_UNDEFINEDPATTERN_IS_UNDEFINEDPATTERN_IS_UNDEFINEDPATTERN_IS_UNDEFINEDPATTERN_IS_UNDEFINEDPATTERN_IS_UNDEFINEDPATTERN_IS_UNDEFINEDPATTERN_IS_UNDEFINEDPATTERN_IS_UNDEFINEDPATTERN_IS_UNDEFINEDPATTERN_IS_UNDEFINEDPATTERN_IS_UNDEFINEDPATTERN_IS_UNDEFINEDPATTERN_IS_UNDEFINEDPATTERN_IS_UNDEFINEDPATTERN_IS_UNDEFINEDPATTERN_IS_UNDEFINEDPATTERN_IS_UNDEFINEDPATTERN_IS_UNDEFINEDPATTERN_IS_UNDEFINEDPATTERN_IS_UNDEFINEDPATTERN_IS_UNDEFINEDPATTERN_IS_UNDEFINEDPATTERN_IS_UNDEFINEDPATTERN_IS_UNDEFINEDPATTERN_IS_UNDEFINEDPATTERN_IS_UNDEFINEDPATTERN_IS_UNDEFINEDPATTERN_IS_UNDEFINEDPATTERN_IS_UNDEFINEDPATTERN_IS_UNDEFINEDPATTERN_IS_UNDEFINEDPATTERN_IS_UNDEFINEDPATTERN_IS_UNDEFINEDPATTERN_IS_UNDEFINEDPATTERN_IS_UNDEFINEDPATTERN_IS_UNDEFINEDPATTERN_IS_UNDEFINEDPATTERN_IS_UNDEFINEDPATTERN_IS_UNDEFINEDPATTERN_IS_UNDEFINEDPATTERN_IS_UNDEFINEDPATTERN_IS_UNDEFINEDPATTERN_IS_UNDEFINEDPATTERN_IS_UNDEFINEDPATTERN_IS_UNDEFINEDPATTERN_IS_UNDEFINEDPATTERN_IS_UNDEFINEDPATTERN_IS_UNDEFINEDPATTERN_IS_UNDEFINEDPATTERN_IS_UNDEFINEDPATTERN_IS_UNDEFINEDPATTERN_IS_UNDEFINEDPATTERN_IS_UNDEFINEDPATTERN_IS_UNDEFINEDPATTERN_IS_UNDEFINEDPATTERN_IS_UNDEFINEDPATTERN_IS_UNDEFINEDPATTERN_IS_UNDEFINEDPATTERN_IS_UNDEFINEDPATTERN_IS_UNDEFINEDPATTERN_IS_UNDEFINEDPATTERN_IS_UNDEFINEDPATTERN_IS_UNDEFINEDPATTERN_IS_UNDEFINEDPATTERN_IS_UNDEFINEDPATTERN_IS_UNDEFINEDPATTERN_IS_UNDEFINEDPATTERN_IS_UNDEFINEDPATTERN_IS_UNDEFINEDPATTERN_IS_UNDEFINEDPATTERN_IS_UNDEFINEDPATTERN_IS_UNDEFINEDPATTERN_IS_UNDEFINEDPATTERN_IS_UNDEFINEDPATTERN_IS_UNDEFINEDPATTERN_IS_UNDEFINEDPATTERN_IS_UNDEFINEDPATTERN_IS_UNDEFINEDPATTERN_IS_UNDEFINEDPATTERN_IS_UNDEFINEDPATTERN_IS_UNDEFINEDPATTERN_IS_UNDEFINEDPATTERN_IS_UNDEFINEDPATTERN_IS_UNDEFINEDPATTERN_IS_UNDEFINEDPATTERN_IS_UNDEFINEDPATTERN_IS_UNDEFINEDPATTERN_IS_UNDEFINEDPATTERN_IS_UNDEFINEDPATTERN_IS_UNDEFINEDPATTERN_IS_UNDEFINEDPATTERN_IS_UNDEFINEDPATTERN_IS_UNDEFINEDPATTERN_IS_UNDEFINEDPATTERN_IS_UNDEFINEDPATTERN_IS_UNDEFINEDPATTERN_IS_UNDEFINEDPATTERN_IS_UNDEFINEDPATTERN_IS_UNDEFINEDPATTERN_IS_UNDEFINEDPATTERN_IS_UNDEFINEDPATTERN_IS_UNDEFINEDPATTERN_IS_UNDEFINEDPATTERN_IS_UNDEFINEDPATTERN_IS_UNDEFINEDPATTERN_IS_UNDEFINEDPATTERN_IS_UNDEFINEDPATTERN_IS_UNDEFINEDPATTERN_IS_UNDEFINEDPATTERN_IS_UNDEFINEDPATTERN_IS_UNDEFINEDPATTERN_IS_UNDEFINEDPATTERN_IS_UNDEFINEDPATTERN_IS_UNDEFINEDPATTERN_IS_UNDEFINEDPATTERN_IS_UNDEFINEDPATTERN_IS_UNDEFINEDPATTERN_IS_UNDEFINEDPATTERN_IS_UNDEFINEDPATTERN_IS_UNDEFINEDPATTERN_IS_UNDEFINEDPATTERN_IS_UNDEFINEDPATTERN_IS_UNDEFINEDPATTERN_IS_UNDEFINEDPATTERN_IS_UNDEFINEDPATTERN_IS_UNDEFINEDPATTERN_IS_UNDEFINEDPATTERN_IS_UNDEFINEDPATTERN_IS_UNDEFINEDPATTERN_IS_UNDEFINEDPATTERN_IS_UNDEFINEDPATTERN_IS_UNDEFINEDPATTERN_IS_UNDEFINEDPATTERN_IS_UNDEFINEDPATTERN_IS_UNDEFINEDPATTERN_IS_UNDEFINEDPATTERN_IS_UNDEFINEDPATTERN_IS_UNDEFINEDPATTERN_IS_UNDEFINEDPATTERN_IS_UNDEFINEDPATTERN_IS_UNDEFINEDPATTERN_IS_UNDEFINEDPATTERN_IS_UNDEFINEDPATTERN_IS_UNDEFINEDPATTERN_IS_UNDEFINEDPATTERN_IS_UNDEFINEDPATTERN_IS_UNDEFINEDPATTERN_IS_UNDEFINEDPATTERN_IS_UNDEFINEDPATTERN_IS_UNDEFINEDPATTERN_IS_UNDEFINEDPATTERN_IS_UNDEFINEDPATTERN_IS_UNDEFINEDPATTERN_IS_UNDEFINEDPATTERN_IS_UNDEFINEDPATTERN_IS_UNDEFINEDPATTERN_IS_UNDEFINEDPATTERN_IS_UNDEFINEDPATTERN_IS_UNDEFINEDPATTERN_IS_UNDEFINEDPATTERN_IS_UNDEFINEDPATTERN_IS_UNDEFINEDPATTERN_IS_UNDEFINEDPATTERN_IS_UNDEFINEDPATTERN_IS_UNDEFINEDPATTERN_IS_UNDEFINEDPATTERN_IS_UNDEFINEDPATTERN_IS_UNDEFINEDPATTERN_IS_UNDEFINEDPATTERN_IS_UNDEFINEDPATTERN_IS_UNDEFINEDPATTERN_IS_UNDEFINEDPATTERN_IS_UNDEFINEDPATTERN_IS_UNDEFINEDPATTERN_IS_UNDEFINEDPATTERN_IS_UNDEFINEDPATTERN_IS_UNDEFINEDPATTERN_IS_UNDEFINEDPATTERN_IS_UNDEFINEDPATTERN_IS_UNDEFINEDPATTERN_IS_UNDEFINEDPATTERN_IS_UNDEFINEDPATTERN_IS_UNDEFINEDPATTERN_IS_UNDEFINEDPATTERN_IS_UNDEFINEDPATTERN_IS_UNDEFINEDPATTERN_IS_UNDEFINEDPATTERN_IS_UNDEFINEDPATTERN_IS_UNDEFINEDPATTERN_IS_UNDEFINEDPATTERN_IS_UNDEFINEDPATTERN_IS_UNDEFINEDPATTERN_IS_UNDEFINEDPATTERN_IS_UNDEFINEDPATTERN_IS_UNDEFINEDPATTERN_IS_UNDEFINEDPATTERN_IS_UNDEFINEDPATTERN_IS_UNDEFINEDPATTERN_IS_UNDEFINEDPATTERN_IS_UNDEFINEDPATTERN_IS_UNDEFINEDPATTERN_IS_UNDEFINEDPATTERN_IS_UNDEFINEDPATTERN_IS_UNDEFINEDPATTERN_IS_UNDEFINEDPATTERN_IS_UNDEFINEDPATTERN_IS_UNDEFINEDPATTERN_IS_UNDEFINEDPATTERN_IS_UNDEFINEDPATTERN_IS_UNDEFINEDPATTERN_IS_UNDEFINEDPATTERN_IS_UNDEFINEDPATTERN_IS_UNDEFINEDPATTERN_IS_UNDEFINEDPATTERN_IS_UNDEFINEDPATTERN_IS_UNDEFINEDPATTERN_IS_UNDEFINEDPATTERN_IS_UNDEFINEDPATTERN_IS_UNDEFINEDPATTERN_IS_UNDEFINEDPATTERN_IS_UNDEFINEDPATTERN_IS_UNDEFINEDPATTERN_IS_UNDEFINEDPATTERN_IS_UNDEFINEDPATTERN_IS_UNDEFINEDPATTERN_IS_UNDEFINEDPATTERN_IS_UNDEFINEDPATTERN_IS_UNDEFINEDPATTERN_IS_UNDEFINEDPATTERN_IS_UNDEFINEDPATTERN_IS_UNDEFINEDPATTERN_IS_UNDEFINEDPATTERN_IS_UNDEFINEDPATTERN_IS_UNDEFINEDPATTERN_IS_UNDEFINEDPATTERN_IS_UNDEFINEDPATTERN_IS_UNDEFINEDPATTERN_IS_UNDEFINEDPATTERN_IS_UNDEFINEDPATTERN_IS_UNDEFINEDPATTERN_IS_UNDEFINEDPATTERN_IS_UNDEFINEDPATTERN_IS_UNDEFINEDPATTERN_IS_UNDEFINEDPATTERN_IS_UNDEFINEDPATTERN_IS_UNDEFINEDPATTERN_IS_UNDEFINEDPATTERN_IS_UNDEFINEDPATTERN_IS_UNDEFINEDPATTERN_IS_UNDEFINEDPATTERN_IS_UNDEFINEDPATTERN_IS_UNDEFINEDPATTERN_IS_UNDEFINEDPATTERN_IS_UNDEFINEDPATTERN_IS_UNDEFINEDPATTERN_IS_UNDEFINEDPATTERN_IS_UNDEFINEDPATTERN_IS_UNDEFINEDPATTERN_IS_UNDEFINEDPATTERN_IS_UNDEFINEDPATTERN_IS_UNDEFINEDPATTERN_IS_UNDEFINEDPATTERN_IS_UNDEFINEDPATTERN_IS_UNDEFINEDPATTERN_IS_UNDEFINEDPATTERN_IS_UNDEFINEDPATTERN_IS_UNDEFINEDPATTERN_IS_UNDEFINEDPATTERN_IS_UNDEFINEDPATTERN_IS_UNDEFINEDPATTERN_IS_UNDEFINEDPATTERN_IS_UNDEFINEDPATTERN_IS_UNDEFINEDPATTERN_IS_UNDEFINEDPATTERN_IS_UNDEFINEDPATTERN_IS_UNDEFINEDPATTERN_IS_UNDEFINEDPATTERN_IS_UNDEFINEDPATTERN_IS_UNDEFINEDPATTERN_IS_UNDEFINEDPATTERN_IS_UNDEFINEDPATTERN_IS_UNDEFINEDPATTERN_IS_UNDEFINEDPATTERN_IS_UNDEFINEDPATTERN_IS_UNDEFINEDPATTERN_IS_UNDEFINEDPATTERN_IS_UNDEFINEDPATTERN_IS_UNDEFINEDPATTERN_IS_UNDEFINEDPATTERN_IS_UNDEFINEDPATTERN_IS_UNDEFINEDPATTERN_IS_UNDEFINEDPATTERN_IS_UNDEFINEDPATTERN_IS_UNDEFINEDPATTERN_IS_UNDEFINEDPATTERN_IS_UNDEFINEDPATTERN_IS_UNDEFINEDPATTERN_IS_UNDEFINEDPATTERN_IS_UNDEFINEDPATTERN_IS_UNDEFINEDPATTERN_IS_UNDEFINEDPATTERN_IS_UNDEFINEDPATTERN_IS_UNDEFINEDPATTERN_IS_UNDEFINEDPATTERN_IS_UNDEFINEDPATTERN_IS_UNDEFINEDPATTERN_IS_UNDEFINEDPATTERN_IS_UNDEFINEDPATTERN_IS_UNDEFINEDPATTERN_IS_UNDEFINEDPATTERN_IS_UNDEFINEDPATTERN_IS_UNDEFINEDPATTERN_IS_UNDEFINEDPATTERN_IS_UNDEFINEDPATTERN_IS_UNDEFINEDPATTERN_IS_UNDEFINEDPATTERN_IS_UNDEFINEDPATTERN_IS_UNDEFINEDPATTERN_IS_UNDEFINEDPATTERN_IS_UNDEFINEDPATTERN_IS_UNDEFINEDPATTERN_IS_UNDEFINEDPATTERN_IS_UNDEFINEDPATTERN_IS_UNDEFINEDPATTERN_IS_UNDEFINEDPATTERN_IS_UNDEFINEDPATTERN_IS_UNDEFINEDPATTERN_IS_UNDEFINEDPATTERN_IS_UNDEFINEDPATTERN_IS_UNDEFINEDPATTERN_IS_UNDEFINEDPATTERN_IS_UNDEFINEDPATTERN_IS_UNDEFINEDPATTERN_IS_UNDEFINEDPATTERN_IS_UNDEFINEDPATTERN_IS_UNDEFINEDPATTERN_IS_UNDEFINEDPATTERN_IS_UNDEFINEDPATTERN_IS_UNDEFINEDPATTERN_IS_UNDEFINEDPATTERN_IS_UNDEFINEDPATTERN_IS_UNDEFINEDPATTERN_IS_UNDEFINEDPATTERN_IS_UNDEFINEDPATTERN_IS_UNDEFINEDPATTERN_IS_UNDEFINEDPATTERN_IS_UNDEFINEDPATTERN_IS_UNDEFINEDPATTERN_IS_UNDEFINEDPATTERN_IS_UNDEFINEDPATTERN_IS_UNDEFINEDPATTERN_IS_UNDEFINEDPATTERN_IS_UNDEFINEDPATTERN_IS_UNDEFINEDPATTERN_IS_UNDEFINEDPATTERN_IS_UNDEFINEDPATTERN_IS_UNDEFINEDPATTERN_IS_UNDEFINEDPATTERN_IS_UNDEFINEDPATTERN_IS_UNDEFINEDPATTERN_IS_UNDEFINEDPATTERN_IS_UNDEFINEDPATTERN_IS_UNDEFINEDPATTERN_IS_UNDEFINEDPATTERN_IS_UNDEFINEDPATTERN_IS_UNDEFINEDPATTERN_IS_UNDEFINEDPATTERN_IS_UNDEFINEDPATTERN_IS_UNDEFINEDPATTERN_IS_UNDEFINEDPATTERN_IS_UNDEFINEDPATTERN_IS_UNDEFINEDPATTERN_IS_UNDEFINEDPATTERN_IS_UNDEFINEDPATTERN_IS_UNDEFINEDPATTERN_IS_UNDEFINEDPATTERN_IS_UNDEFINEDPATTERN_IS_UNDEFINEDPATTERN_IS_UNDEFINEDPATTERN_IS_UNDEFINEDPATTERN_IS_UNDEFINEDPATTERN_IS_UNDEFINEDPATTERN_IS_UNDEFINEDPATTERN_IS_UNDEFINEDPATTERN_IS_UNDEFINEDPATTERN_IS_UNDEFINEDPATTERN_IS_UNDEFINEDPATTERN_IS_UNDEFINEDPATTERN_IS_UNDEFINEDPATTERN_IS_UNDEFINEDPATTERN_IS_UNDEFINEDPATTERN_IS_UNDEFINEDPATTERN_IS_UNDEFINEDPATTERN_IS_UNDEFINEDPATTERN_IS_UNDEFINEDPATTERN_IS_UNDEFINEDPATTERN_IS_UNDEFINEDPATTERN_IS_UNDEFINEDPATTERN_IS_UNDEFINEDPATTERN_IS_UNDEFINEDPATTERN_IS_UNDEFINEDPATTERN_IS_UNDEFINEDPATTERN_IS_UNDEFINEDPATTERN_IS_UNDEFINEDPATTERN_IS_UNDEFINEDPATTERN_IS_UNDEFINEDPATTERN_IS_UNDEFINEDPATTERN_IS_UNDEFINEDPATTERN_IS_UNDEFINEDPATTERN_IS_UNDEFINEDPATTERN_IS_UNDEFINEDPATTERN_IS_UNDEFINEDPATTERN_IS_UNDEFINEDPATTERN_IS_UNDEFINEDPATTERN_IS_UNDEFINEDPATTERN_IS_UNDEFINEDPATTERN_IS_UNDEFINEDPATTERN_IS_UNDEFINEDPATTERN_IS_UNDEFINEDPATTERN_IS_UNDEFINEDPATTERN_IS_UNDEFINEDPATTERN_IS_UNDEFINEDPATTERN_IS_UNDEFINEDPATTERN_IS_UNDEFINEDPATTERN_IS_UNDEFINEDPATTERN_IS_UNDEFINEDPATTERN_IS_UNDEFINEDPATTERN_IS_UNDEFINEDPATTERN_IS_UNDEFINEDPATTERN_IS_UNDEFINEDPATTERN_IS_UNDEFINEDPATTERN_IS_UNDEFINEDPATTERN_IS_UNDEFINEDPATTERN_IS_UNDEFINEDPATTERN_IS_UNDEFINEDPATTERN_IS_UNDEFINEDPATTERN_IS_UNDEFINEDPATTERN_IS_UNDEFINEDPATTERN_IS_UNDEFINEDPATTERN_IS_UNDEFINEDPATTERN_IS_UNDEFINEDPATTERN_IS_UNDEFINEDPATTERN_IS_UNDEFINEDPATTERN_IS_UNDEFINEDPATTERN_IS_UNDEFINEDPATTERN_IS_UNDEFINEDPATTERN_IS_UNDEFINEDPATTERN_IS_UNDEFINEDPATTERN_IS_UNDEFINEDPATTERN_IS_UNDEFINEDPATTERN_IS_UNDEFINEDPATTERN_IS_UNDEFINEDPATTERN_IS_UNDEFINEDPATTERN_IS_UNDEFINEDPATTERN_IS_UNDEFINEDPATTERN_IS_UNDEFINEDPATTERN_IS_UNDEFINEDPATTERN_IS_UNDEFINEDPATTERN_IS_UNDEFINEDPATTERN_IS_UNDEFINEDPATTERN_IS_UNDEFINEDPATTERN_IS_UNDEFINEDPATTERN_IS_UNDEFINEDPATTERN_IS_UNDEFINEDPATTERN_IS_UNDEFINEDPATTERN_IS_UNDEFINEDPATTERN_IS_UNDEFINEDPATTERN_IS_UNDEFINEDPATTERN_IS_UNDEFINEDPATTERN_IS_UNDEFINEDPATTERN_IS_UNDEFINEDPATTERN_IS_UNDEFINEDPATTERN_IS_UNDEFINEDPATTERN_IS_UNDEFINEDPATTERN_IS_UNDEFINEDPATTERN_IS_UNDEFINEDPATTERN_IS_UNDEFINEDPATTERN_IS_UNDEFINEDPATTERN_IS_UNDEFINEDPATTERN_IS_UNDEFINEDPATTERN_IS_UNDEFINEDPATTERN_IS_UNDEFINEDPATTERN_IS_UNDEFINEDPATTERN_IS_UNDEFINEDPATTERN_IS_UNDEFINEDPATTERN_IS_UNDEFINEDPATTERN_IS_UNDEFINEDPATTERN_IS_UNDEFINEDPATTERN_IS_UNDEFINEDPATTERN_IS_UNDEFINEDPATTERN_IS_UNDEFINEDPATTERN_IS_UNDEFINEDPATTERN_IS_UNDEFINEDPATTERN_IS_UNDEFINEDPATTERN_IS_UNDEFINEDPATTERN_IS_UNDEFINEDPATTERN_IS_UNDEFINEDPATTERN_IS_UNDEFINEDPATTERN_IS_UNDEFINEDPATTERN_IS_UNDEFINEDPATTERN_IS_UNDEFINEDPATTERN_IS_UNDEFINEDPATTERN_IS_UNDEFINEDPATTERN_IS_UNDEFINEDPATTERN_IS_UNDEFINEDPATTERN_IS_UNDEFINEDPATTERN_IS_UNDEFINEDPATTERN_IS_UNDEFINEDPATTERN_IS_UNDEFINEDPATTERN_IS_UNDEFINEDPATTERN_IS_UNDEFINEDPATTERN_IS_UNDEFINEDPATTERN_IS_UNDEFINEDPATTERN_IS_UNDEFINEDPATTERN_IS_UNDEFINEDPATTERN_IS_UNDEFINEDPATTERN_IS_UNDEFINEDPATTERN_IS_UNDEFINEDPATTERN_IS_UNDEFINEDPATTERN_IS_UNDEFINEDPATTERN_IS_UNDEFINEDPATTERN_IS_UNDEFINEDPATTERN_IS_UNDEFINEDPATTERN_IS_UNDEFINEDPATTERN_IS_UNDEFINEDPATTERN_IS_UNDEFINEDPATTERN_IS_UNDEFINEDPATTERN_IS_UNDEFINEDPATTERN_IS_UNDEFINEDPATTERN_IS_UNDEFINEDPATTERN_IS_UNDEFINEDPATTERN_IS_UNDEFINEDPATTERN_IS_UNDEFINEDPATTERN_IS_UNDEFINEDPATTERN_IS_UNDEFINEDPATTERN_IS_UNDEFINEDPATTERN_IS_UNDEFINEDPATTERN_IS_UNDEFINEDPATTERN_IS_UNDEFINEDPATTERN_IS_UNDEFINEDPATTERN_IS_UNDEFINEDPATTERN_IS_UNDEFINEDPATTERN_IS_UNDEFINEDPATTERN_IS_UNDEFINEDPATTERN_IS_UNDEFINEDPATTERN_IS_UNDEFINEDPATTERN_IS_UNDEFINEDPATTERN_IS_UNDEFINEDPATTERN_IS_UNDEFINEDPATTERN_IS_UNDEFINEDPATTERN_IS_UNDEFINEDPATTERN_IS_UNDEFINEDPATTERN_IS_UNDEFINEDPATTERN_IS_UNDEFINEDPATTERN_IS_UNDEFINEDPATTERN_IS_UNDEFINEDPATTERN_IS_UNDEFINEDPATTERN_IS_UNDEFINEDPATTERN_IS_UNDEFINEDPATTERN_IS_UNDEFINEDPATTERN_IS_UNDEFINEDPATTERN_IS_UNDEFINEDPATTERN_IS_UNDEFINEDPATTERN_IS_UNDEFINEDPATTERN_IS_UNDEFINEDPATTERN_IS_UNDEFINEDPATTERN_IS_UNDEFINEDPATTERN_IS_UNDEFINEDPATTERN_IS_UNDEFINEDPATTERN_IS_UNDEFINEDPATTERN_IS_UNDEFINEDPATTERN_IS_UNDEFINEDPATTERN_IS_UNDEFINEDPATTERN_IS_UNDEFINEDPATTERN_IS_UNDEFINEDPATTERN_IS_UNDEFINEDPATTERN_IS_UNDEFINEDPATTERN_IS_UNDEFINEDPATTERN_IS_UNDEFINEDPATTERN_IS_UNDEFINEDPATTERN_IS_UNDEFINEDPATTERN_IS_UNDEFINEDPATTERN_IS_UNDEFINEDPATTERN_IS_UNDEFINEDPATTERN_IS_UNDEFINEDPATTERN_IS_UNDEFINEDPATTERN_IS_UNDEFINEDPATTERN_IS_UNDEFINEDPATTERN_IS_UNDEFINEDPATTERN_IS_UNDEFINEDPATTERN_IS_UNDEFINEDPATTERN_IS_UNDEFINEDPATTERN_IS_UNDEFINEDPATTERN_IS_UNDEFINEDPATTERN_IS_UNDEFINEDPATTERN_IS_UNDEFINEDPATTERN_IS_UNDEFINEDPATTERN_IS_UNDEFINEDPATTERN_IS_UNDEFINEDPATTERN_IS_UNDEFINEDPATTERN_IS_UNDEFINEDPATTERN_IS_UNDEFINEDPATTERN_IS_UNDEFINEDPATTERN_IS_UNDEFINEDPATTERN_IS_UNDEFINEDPATTERN_IS_UNDEFINEDPATTERN_IS_UNDEFINEDPATTERN_IS_UNDEFINEDPATTERN_IS_UNDEFINEDPATTERN_IS_UNDEFINEDPATTERN_IS_UNDEFINEDPATTERN_IS_UNDEFINEDPATTERN_IS_UNDEFINEDPATTERN_IS_UNDEFINEDPATTERN_IS_UNDEFINEDPATTERN_IS_UNDEFINEDPATTERN_IS_UNDEFINEDPATTERN_IS_UNDEFINEDPATTERN_IS_UNDEFINEDPATTERN_IS_UNDEFINEDPATTERN_IS_UNDEFINEDPATTERN_IS_UNDEFINEDPATTERN_IS_UNDEFINEDPATTERN_IS_UNDEFINED